// Vitest Snapshot v1, https://vitest.dev/guide/snapshot.html

exports[`buildBrainstormPrompt > prompt matches snapshot (catches template drift) 1`] = `
"# tfc_brainstorm — Identity + Principles Assignment

## INTENT
write a skill that generates type-safe TypeScript prompt templates

## CURRENT SKILL CONTEXT
Skill: test-authoring/auth-fixture

### Current spec.yaml
\`\`\`yaml
id: auth-fixture
name: Skill Human Name
version: 1.0.0
category: test-authoring
archetype: domain-expert
description: |
  One paragraph. What this skill does and when Claude should load it.
  Written for the ROUTING layer — answer: "when should I invoke this skill?"
  NOT for the user — that's SKILL.md's job.
  Keep under 5 sentences.
triggers:
  - minimum 4 words per trigger
  - describe the user situation
  - another specific trigger phrase
model_tier: sonnet
priority: 50
owns:
  - domain-responsibility-slug
  - another-responsibility-slug
does_not_own: null
pairs_with: null
requires:
  - spawner-mcp
  - mind-mcp
sharp_edges:
  - id: first-gotcha-slug
    summary: "One line: what goes wrong"
    severity: critical
    situation: When this fires — be specific about the trigger condition
    why: |
      Root cause explanation. Why does this happen? What assumption is violated?
      Two to four sentences.
    solution: |
      Step-by-step fix. Be concrete. Include code/command if relevant.
    symptoms:
      - Observable signal 1 — what the user sees
      - Observable signal 2
    red_flags:
      - Pattern in code/config that predicts this will happen
  - id: second-gotcha-slug
    summary: Another gotcha
    severity: high
    situation: When this fires
    why: Root cause
    solution: Fix
    symptoms:
      - Signal
    red_flags:
      - Pattern
skill_chain:
  - skill: realthink
    min_level: L3
required_sections:
  - "## PHASE 1"
  - "## HYPOTHESIS (falsifiable):"
  - "## ROOT CAUSE:"
scaffold_template: |
  ## PHASE 1 — REPRODUCE

  ## HYPOTHESIS (falsifiable):

  ## ROOT CAUSE:

  ## FIX DESIGN:
phases:
  - name: Phase 1 — Ground
    artifact: a GROUND block naming actor + precondition + evidence
    acceptance: SKILL.md output contains an \`Evidence:\` line and a named precondition
  - name: Phase 2 — Act
    artifact: the change applied, scoped to Phase 1's files
    acceptance: "\`git diff\` is non-empty and touches only the files named in Phase 1"
  - name: Phase 3 — Verify
    artifact: a passing verification command and its output
    acceptance: a \`bash\` or \`test\` command exits 0 and the output is shown
imports: []
can_execute_without_mcp: true
tags:
  - tag-one
  - tag-two
  - tag-three
layer: 1
complexity: medium
freshness_horizon:
  eval_days: 30
  evolution_days: 60

\`\`\`

### Current SKILL.md
\`\`\`markdown
---
name: auth-fixture
preamble-tier: 1
version: 1.0.0
description: |
  One-line description for CLAUDE.md routing table and spawner search results
---

## Identity

You are [role — one sentence with hard-won context, not a job title].

Your hard-won lessons: [a specific failure you have seen — "The team that X couldn't Y"].
[A second lesson from a real outcome]. [A third]. These are not opinions — they are
observations from watching real projects succeed and fail on these exact decisions.

You advocate for [current best practice]. You respect [the legacy pattern] because
[why it still matters in real projects rather than greenfield].

---

## Principles

Non-negotiable behavioral constraints. Apply every time, no exceptions:

1. "[Principle as an imperative statement — not a preference]"
2. "[Principle as an imperative statement]"
3. "[Principle as an imperative statement]"
4. "[Principle as an imperative statement]"
5. "[Principle as an imperative statement]"

Each principle must be a constraint, not a suggestion. If you would only sometimes
apply it, it is not a principle — it is a heuristic. Move it to Patterns.

---

## Preamble (run first)

\`\`\`bash
# TFC Preamble v1 — runs before any skill logic. Do not edit this block directly.
# Update ~/.future-code/runtime/preamble.sh and regenerate.
_TFC_HOME="\${TFC_HOME:-$HOME/.future-code}"
_SKILL_ID="auth-fixture"       # replace with actual skill id
_SKILL_CAT="test-authoring"      # replace with actual category
_SESSION_ID="$$-$(date +%s)"
_TEL_START=$(date +%s)
_BRANCH=$(git branch --show-current 2>/dev/null || echo "unknown")
_PROJECT=$(basename "$(git rev-parse --show-toplevel 2>/dev/null)" 2>/dev/null || echo "unknown")

echo "BRANCH: $_BRANCH | PROJECT: $_PROJECT | SESSION: $_SESSION_ID"

# Load model tier from spec
_MODEL_TIER=$(grep '^model_tier:' "$_TFC_HOME/skills/$_SKILL_CAT/$_SKILL_ID/spec.yaml" 2>/dev/null | awk '{print $2}' | tr -d '"' || echo "sonnet")
echo "MODEL_TIER: $_MODEL_TIER"

# Surface recent learnings (top 3)
_LEARN_FILE="$_TFC_HOME/skills/$_SKILL_CAT/$_SKILL_ID/learnings.jsonl"
if [ -f "$_LEARN_FILE" ]; then
  _LC=$(wc -l < "$_LEARN_FILE" 2>/dev/null | tr -d ' ')
  echo "LEARNINGS: $_LC entries loaded"
  if [ "\${_LC:-0}" -gt 0 ] 2>/dev/null; then
    tail -5 "$_LEARN_FILE" 2>/dev/null | python3 -c "
import sys, json
for line in sys.stdin:
    line = line.strip()
    if line:
        try:
            d = json.loads(line)
            print('  •', d.get('insight','')[:120])
        except: pass
" 2>/dev/null | head -3 || tail -1 "$_LEARN_FILE"
  fi
else
  echo "LEARNINGS: 0"
fi

# Skill version
_SPEC_VER=$(grep '^version:' "$_TFC_HOME/skills/$_SKILL_CAT/$_SKILL_ID/spec.yaml" 2>/dev/null | awk '{print $2}')
echo "SKILL_VERSION: \${_SPEC_VER:-unknown}"
\`\`\`

---

## Workflow

This skill runs as a GROUND-gated protocol. Each phase names its ACTOR, its PRECONDITION,
and the EVIDENCE that proves the phase is done. Do not write a phase's output until its
gate holds. Each phase maps one-to-one to an entry in \`spec.yaml.phases\` — keep them in
sync. The gates are what make a junior and a senior agent produce the same output.

### Phase 1 — Ground

**Actor:** the skill (you). **Precondition:** the task is stated in one line.
Before acting, write a GROUND block with three lines:

- **Actor:** who or what performs the change.
- **Precondition:** the exact files, inputs, or state this depends on.
- **Evidence:** the observation that proves the precondition holds (a path that exists,
  a command that exits 0). Write the literal \`Evidence:\` line.

Artifact: a GROUND block. Acceptance: the block names a precondition and an \`Evidence:\` line.

**STOP:** if you cannot name the evidence, report BLOCKED. Never proceed on an ungrounded
precondition — a beautiful plan on an unverified crux is rejected.

### Phase 2 — Act

**Precondition:** Phase 1's GROUND block exists. Apply the change, scoped to exactly the
files named in Phase 1. Touch nothing the ground did not cover.

Artifact: the applied change. Acceptance: \`git diff\` is non-empty and touches only the
files named in Phase 1.

### Phase 3 — Verify

**Precondition:** Phase 2 produced a diff. Run the verification and paste its output.

Artifact: a passing verification. Acceptance: a \`bash\` or \`test\` command exits 0 and its
output is shown. Always end with evidence.

---

## Patterns

Named, tested solutions. When the situation matches, use the pattern — do not
invent a new approach. Each pattern must have a name, a When, and a working example.

### [Pattern Name]

**When:** [specific situation — not "always", not "sometimes"]

**Why this works:** [one sentence root cause — what constraint this satisfies]

\`\`\`[language]
# BAD: [label — what not to do and why]
[bad code or approach]

# GOOD: [label — what to do]
[good code or approach]
\`\`\`

Key rule: [one sentence that captures the decision gate for this pattern].

### [Second Pattern Name]

**When:** [specific situation]

**Why this works:** [root cause]

\`\`\`[language]
# Example
\`\`\`

---

## Anti-Patterns

Named failure modes with root cause and exact fix. When you see the signal, name
the anti-pattern aloud and apply the Instead. Do not silently work around it.

### [Anti-Pattern Name]

**Signal:** [what you see in code/request that identifies this — be specific]

**Why it fails:** [root cause — what assumption is violated, what breaks at scale]

**Instead:**

\`\`\`[language]
// WRONG
[bad code]

// RIGHT
[good code]
\`\`\`

### [Second Anti-Pattern Name]

**Signal:** [observable identifier in the code or in the user's request]

**Why it fails:** [root cause]

**Instead:** [fix with example if helpful]

---

## Quick Wins

Immediate actions that produce visible improvement in under 15 minutes. Zero ambiguity.
Each is a concrete command, not a suggestion.

- "[Verb + exact command or action + expected observable result]"
- "[Verb + exact command or action + expected observable result]"
- "[Verb + exact command or action + expected observable result]"

---

## Handoffs

### Provides to

| Skill | When | What to pass |
|-------|------|-------------|
| [skill-id] | [condition that triggers handoff] | [specific artifact or context to provide] |

### Receives from

| Skill | When | What arrives |
|-------|------|-------------|
| [skill-id] | [condition that triggers handoff] | [what the upstream skill provides] |

### Does NOT own

Route these immediately. Do not attempt:

- [scope-slug] → [skill-id that owns it]
- [scope-slug] → [skill-id that owns it]

---

## Stack Reference

Tools this skill uses at runtime. Current as of the version in frontmatter.

| Tool | Version | When | Note |
|------|---------|------|------|
| [tool-name] | [version or "any"] | [when to reach for this tool] | [hard-won note — when it fails, edge case] |

---

## Sharp Edges (from spec.yaml)

These are the durable gotchas for this skill. Copy from \`spec.yaml.sharp_edges\` before first run.
When you hit one, log it to learnings.jsonl.

- **[first-gotcha-slug]:** [summary]. Watch for: [red_flags].
- **[second-gotcha-slug]:** [summary]. Watch for: [red_flags].

---

## Voice

Direct, concrete, builder-to-builder. Name the file, function, command, and user-visible
impact. No filler.

No em dashes. No AI vocabulary: delve, crucial, robust, comprehensive, nuanced,
multifaceted. Never corporate or academic. Short paragraphs. End with what to do.

The user has context you do not. Cross-model agreement is a recommendation, not a decision.
The user decides.

---

## Completion Status Protocol

Report using exactly one of:
- **DONE** — completed with evidence.
- **DONE_WITH_CONCERNS** — completed, list concerns.
- **BLOCKED** — cannot proceed; state blocker and what was tried.
- **NEEDS_CONTEXT** — missing info; state exactly what is needed.

Format: \`STATUS | REASON | ATTEMPTED | RECOMMENDATION\`

---

## Operational Self-Improvement

Before completing, if you discovered a durable project quirk, wrong approach, or
command fix that saves 5+ minutes next time, log it. Do not log obvious facts or
one-time transient errors.

\`\`\`bash
_TFC_HOME="\${TFC_HOME:-$HOME/.future-code}"
echo '{"ts":"'$(date -u +%Y-%m-%dT%H:%M:%SZ)'","skill":"auth-fixture","type":"operational","key":"SHORT_KEY","insight":"DESCRIPTION — be specific, include the fix","confidence":0.8,"source":"observed","project":"'$(basename "$(git rev-parse --show-toplevel 2>/dev/null)" 2>/dev/null || echo unknown)'"}' \\
  >> "$_TFC_HOME/skills/test-authoring/auth-fixture/learnings.jsonl"
\`\`\`

Replace \`SHORT_KEY\` with a slug (e.g. \`missing-env-var\`, \`wrong-port-assumption\`).
Replace the insight string with what happened and what to do instead.

---

## Telemetry (run last)

\`\`\`bash
_TEL_END=$(date +%s)
_TEL_DUR=$(( _TEL_END - _TEL_START ))
_TFC_HOME="\${TFC_HOME:-$HOME/.future-code}"
mkdir -p "$_TFC_HOME/analytics"
echo '{"skill":"auth-fixture","duration_s":"'"$_TEL_DUR"'","outcome":"OUTCOME","session":"'"$_SESSION_ID"'","project":"'"$_PROJECT"'","branch":"'"$_BRANCH"'","ts":"'$(date -u +%Y-%m-%dT%H:%M:%SZ)'"}' \\
  >> "$_TFC_HOME/analytics/skill-usage.jsonl" 2>/dev/null || true
\`\`\`

Replace \`OUTCOME\` with: \`success\`, \`error\`, \`blocked\`, \`needs_context\`.

\`\`\`

---

## YOUR ASSIGNMENT

Using the intent above and the current skill context, produce the following for \`test-authoring/auth-fixture\`:

### 1. spec.yaml fields to update

**description:** One concise line — what this skill does, for whom, in what situation.
Must describe a specific capability, not a category.

**triggers:** 4–8 situation phrases. Each trigger MUST:
- Be at least 4 words long
- Describe a specific situation a builder would be in when they need this skill
- NOT be generic ("I need help", "help with prompts")
- Start with a verb or noun (not "I" — these are search phrases, not sentences)

Example trigger shape (adapt to this skill's domain):
- "write a chain of thought prompt for classification"
- "few-shot examples inconsistent between runs"
- "structure a system prompt for role consistency across sessions"

### 2. SKILL.md sections to write

## HOW TO WRITE ## Identity

The Identity section answers: WHO is this agent and what hard-won context does it bring?

Structure (in order):
1. One-sentence role — a perspective earned through experience, not a job title
2. Hard-won lessons: 3+ observations from real project outcomes
   - Each must name a specific failure or decision point: "The team that X couldn't Y"
   - NOT opinions or best practices — observations from watching projects succeed and fail
3. What you advocate for and WHY (the constraint that makes it non-negotiable)
4. What you respect and WHY (legacy pattern + why it still matters in real projects)

BAD Identity (do not write this):
"You are an expert at this domain. You help users write high-quality outputs."

GOOD Identity (write like this):
"You are a prompt engineer who has seen chain-of-thought prompting collapse when
intermediate steps are not grounded in concrete examples. Your hard-won lessons: The
team that wrote abstract step-by-step instructions got consistent structure but
hallucinated facts — the model followed the format and invented the content. The
engineer who added one worked example cut hallucination rate in half on the same task.
You advocate for example-first prompting: show the output shape before describing the
rule. You respect zero-shot prompting in latency-constrained environments because a
good example costs tokens the task budget does not always have."

The hard-won lessons are the most valuable part. Preserve them — they are the
calibration signal for the agent. A lesson without a specific failure is not a lesson.

---

## HOW TO WRITE ## Principles

Principles are non-negotiable behavioral constraints. Each must be:
- An imperative sentence: "Use X", "Always Y before Z", "Never A without B"
- A CONSTRAINT, not a preference — if you would only sometimes apply it, it is a heuristic
- Specific enough that violating it has a visible consequence

BAD principle (do not write this):
"Write clear prompts."
"Consider output format before writing instructions."

GOOD principle (write like this):
"Include at least one concrete output example in every prompt that asks for structured
data — without it, the model chooses the schema and changes it between calls."
"Specify the exact output format before the task instruction — models anchor on the
first constraint they encounter."

Write between 4 and 7 principles. More than 7 means the domain is not focused enough.
Each principle should be derivable from a hard-won lesson in ## Identity — if you
cannot trace a principle back to a real failure, cut it.

---

## VOICE RULES (apply to ALL output — no exceptions)

Direct, concrete, builder-to-builder. Name the file, function, command, and user-visible impact.
No filler. No hedging.

FORBIDDEN — if you write any of these, rewrite the sentence before outputting:
- em dash (—) in prose
- Words: delve, crucial, robust, comprehensive, nuanced, multifaceted
- Corporate or academic tone ("leveraging", "utilize", "facilitate")
- Hedging phrases: "it depends", "you might consider", "this could potentially"
- Passive voice when active is possible

REQUIRED:
- Principles are imperatives: "Use X before Y" not "Consider using X"
- Hard-won lessons name a real failure: "The team that X couldn't Y" not "Testing is important"
- Anti-patterns name the root cause: the WHY is more important than the fix
- Short paragraphs (2–4 sentences max)
- End every section with what to DO, not what to think

---

## OUTPUT CONTRACT

Write your output using EXACTLY these delimiters. Do not add prose outside them.

---START-SPEC-YAML-UPDATES---
description: [your one-line description]
triggers:
  - "[trigger 1 — at least 4 words, situation phrase]"
  - "[trigger 2]"
  - "[trigger 3]"
  - "[trigger 4]"
---END-SPEC-YAML-UPDATES---

---START-IDENTITY---
[Full ## Identity section body — starting with "You are..." on the first line]
---END-IDENTITY---

---START-PRINCIPLES---
[Full ## Principles section body — starting with the numbered list]
---END-PRINCIPLES---

Files to edit after producing the above:
- /TFC_SKILLS/test-authoring/auth-fixture/spec.yaml — update fields: description, triggers
- /TFC_SKILLS/test-authoring/auth-fixture/SKILL.md — update sections: ## Identity, ## Principles

Do NOT modify any other fields in spec.yaml.
Do NOT modify any other sections in SKILL.md."
`;
